// Jest Snapshot v1, https://goo.gl/fbAQLP

exports[`<Paragraph /> renders with reverse: true as prop 1`] = `
<p
  className="s1gkc3ph-0 jfoazK"
/>
`;
