// Jest Snapshot v1, https://goo.gl/fbAQLP

exports[`<Input /> renders with invalid as prop 1`] = `
<input
  className="sc-htpNat gFBKYS"
  height={50}
  type="text"
/>
`;
