// Jest Snapshot v1, https://goo.gl/fbAQLP

exports[`<Heading /> renders with children as prop 1`] = `
<h1
  className="sc-bdVaJa jzljMk"
>
  Test heading!
</h1>
`;
